CRITICAL - 2026-05-10 12:24:13 --> Error: Undefined constant "CodeIgniter\Database\MySQLi\MYSQLI_STORE_RESULT"
[Method: GET, Route: backoffice/regimes]
in SYSTEMPATH/Database/Database.php on line 147.
 1 SYSTEMPATH/Database/Database.php(61): CodeIgniter\Database\Database->initDriver()
 2 SYSTEMPATH/Database/Config.php(82): CodeIgniter\Database\Database->load()
 3 SYSTEMPATH/Model.php(150): CodeIgniter\Database\Config::connect()
 4 APPPATH/Controllers/BackOffice/RegimeController.php(10): CodeIgniter\Model->__construct()
 5 SYSTEMPATH/CodeIgniter.php(951): App\Controllers\BackOffice\RegimeController->index()
 6 SYSTEMPATH/CodeIgniter.php(497): CodeIgniter\CodeIgniter->runController()
 7 SYSTEMPATH/CodeIgniter.php(340): CodeIgniter\CodeIgniter->handleRequest()
 8 SYSTEMPATH/Boot.php(417): CodeIgniter\CodeIgniter->run()
 9 SYSTEMPATH/Boot.php(68): CodeIgniter\Boot::runCodeIgniter()
10 FCPATH/index.php(59): CodeIgniter\Boot::bootWeb()
11 SYSTEMPATH/rewrite.php(44): require_once('/opt/lampp/htdocs/S4_htdocs/S4/SI-IHM/TRINOME/RegimeAlimentaire/public/index.php')
CRITICAL - 2026-05-10 12:24:19 --> Error: Undefined constant "CodeIgniter\Database\MySQLi\MYSQLI_STORE_RESULT"
[Method: GET, Route: backoffice/regimes]
in SYSTEMPATH/Database/Database.php on line 147.
 1 SYSTEMPATH/Database/Database.php(61): CodeIgniter\Database\Database->initDriver()
 2 SYSTEMPATH/Database/Config.php(82): CodeIgniter\Database\Database->load()
 3 SYSTEMPATH/Model.php(150): CodeIgniter\Database\Config::connect()
 4 APPPATH/Controllers/BackOffice/RegimeController.php(10): CodeIgniter\Model->__construct()
 5 SYSTEMPATH/CodeIgniter.php(951): App\Controllers\BackOffice\RegimeController->index()
 6 SYSTEMPATH/CodeIgniter.php(497): CodeIgniter\CodeIgniter->runController()
 7 SYSTEMPATH/CodeIgniter.php(340): CodeIgniter\CodeIgniter->handleRequest()
 8 SYSTEMPATH/Boot.php(417): CodeIgniter\CodeIgniter->run()
 9 SYSTEMPATH/Boot.php(68): CodeIgniter\Boot::runCodeIgniter()
10 FCPATH/index.php(59): CodeIgniter\Boot::bootWeb()
11 SYSTEMPATH/rewrite.php(44): require_once('/opt/lampp/htdocs/S4_htdocs/S4/SI-IHM/TRINOME/RegimeAlimentaire/public/index.php')
ERROR - 2026-05-10 12:30:51 --> Error connecting to the database: Error: Call to undefined function CodeIgniter\Database\Postgre\pg_connect() in /opt/lampp/htdocs/S4_htdocs/S4/SI-IHM/TRINOME/RegimeAlimentaire/system/Database/Postgre/Connection.php:78
Stack trace:
#0 /opt/lampp/htdocs/S4_htdocs/S4/SI-IHM/TRINOME/RegimeAlimentaire/system/Database/BaseConnection.php(555): CodeIgniter\Database\Postgre\Connection->connect()
#1 /opt/lampp/htdocs/S4_htdocs/S4/SI-IHM/TRINOME/RegimeAlimentaire/system/Database/BaseConnection.php(795): CodeIgniter\Database\BaseConnection->initialize()
#2 /opt/lampp/htdocs/S4_htdocs/S4/SI-IHM/TRINOME/RegimeAlimentaire/system/Database/BaseBuilder.php(1649): CodeIgniter\Database\BaseConnection->query()
#3 /opt/lampp/htdocs/S4_htdocs/S4/SI-IHM/TRINOME/RegimeAlimentaire/system/Model.php(253): CodeIgniter\Database\BaseBuilder->get()
#4 /opt/lampp/htdocs/S4_htdocs/S4/SI-IHM/TRINOME/RegimeAlimentaire/system/BaseModel.php(676): CodeIgniter\Model->doFindAll()
#5 /opt/lampp/htdocs/S4_htdocs/S4/SI-IHM/TRINOME/RegimeAlimentaire/app/Controllers/BackOffice/RegimeController.php(11): CodeIgniter\BaseModel->findAll()
#6 /opt/lampp/htdocs/S4_htdocs/S4/SI-IHM/TRINOME/RegimeAlimentaire/system/CodeIgniter.php(951): App\Controllers\BackOffice\RegimeController->index()
#7 /opt/lampp/htdocs/S4_htdocs/S4/SI-IHM/TRINOME/RegimeAlimentaire/system/CodeIgniter.php(497): CodeIgniter\CodeIgniter->runController()
#8 /opt/lampp/htdocs/S4_htdocs/S4/SI-IHM/TRINOME/RegimeAlimentaire/system/CodeIgniter.php(340): CodeIgniter\CodeIgniter->handleRequest()
#9 /opt/lampp/htdocs/S4_htdocs/S4/SI-IHM/TRINOME/RegimeAlimentaire/system/Boot.php(417): CodeIgniter\CodeIgniter->run()
#10 /opt/lampp/htdocs/S4_htdocs/S4/SI-IHM/TRINOME/RegimeAlimentaire/system/Boot.php(68): CodeIgniter\Boot::runCodeIgniter()
#11 /opt/lampp/htdocs/S4_htdocs/S4/SI-IHM/TRINOME/RegimeAlimentaire/public/index.php(59): CodeIgniter\Boot::bootWeb()
#12 /opt/lampp/htdocs/S4_htdocs/S4/SI-IHM/TRINOME/RegimeAlimentaire/system/rewrite.php(44): require_once('...')
#13 {main}
CRITICAL - 2026-05-10 12:30:51 --> CodeIgniter\Database\Exceptions\DatabaseException: Unable to connect to the database.
Main connection [Postgre]: Call to undefined function CodeIgniter\Database\Postgre\pg_connect()
[Method: GET, Route: backoffice/regimes]
in SYSTEMPATH/Database/BaseConnection.php on line 606.
 1 SYSTEMPATH/Database/BaseConnection.php(795): CodeIgniter\Database\BaseConnection->initialize()
 2 SYSTEMPATH/Database/BaseBuilder.php(1649): CodeIgniter\Database\BaseConnection->query()
 3 SYSTEMPATH/Model.php(253): CodeIgniter\Database\BaseBuilder->get()
 4 SYSTEMPATH/BaseModel.php(676): CodeIgniter\Model->doFindAll()
 5 APPPATH/Controllers/BackOffice/RegimeController.php(11): CodeIgniter\BaseModel->findAll()
 6 SYSTEMPATH/CodeIgniter.php(951): App\Controllers\BackOffice\RegimeController->index()
 7 SYSTEMPATH/CodeIgniter.php(497): CodeIgniter\CodeIgniter->runController()
 8 SYSTEMPATH/CodeIgniter.php(340): CodeIgniter\CodeIgniter->handleRequest()
 9 SYSTEMPATH/Boot.php(417): CodeIgniter\CodeIgniter->run()
10 SYSTEMPATH/Boot.php(68): CodeIgniter\Boot::runCodeIgniter()
11 FCPATH/index.php(59): CodeIgniter\Boot::bootWeb()
12 SYSTEMPATH/rewrite.php(44): require_once('/opt/lampp/htdocs/S4_htdocs/S4/SI-IHM/TRINOME/RegimeAlimentaire/public/index.php')
ERROR - 2026-05-10 12:31:01 --> Error connecting to the database: Error: Call to undefined function CodeIgniter\Database\Postgre\pg_connect() in /opt/lampp/htdocs/S4_htdocs/S4/SI-IHM/TRINOME/RegimeAlimentaire/system/Database/Postgre/Connection.php:78
Stack trace:
#0 /opt/lampp/htdocs/S4_htdocs/S4/SI-IHM/TRINOME/RegimeAlimentaire/system/Database/BaseConnection.php(555): CodeIgniter\Database\Postgre\Connection->connect()
#1 /opt/lampp/htdocs/S4_htdocs/S4/SI-IHM/TRINOME/RegimeAlimentaire/system/Database/BaseConnection.php(795): CodeIgniter\Database\BaseConnection->initialize()
#2 /opt/lampp/htdocs/S4_htdocs/S4/SI-IHM/TRINOME/RegimeAlimentaire/system/Database/BaseBuilder.php(1649): CodeIgniter\Database\BaseConnection->query()
#3 /opt/lampp/htdocs/S4_htdocs/S4/SI-IHM/TRINOME/RegimeAlimentaire/system/Model.php(253): CodeIgniter\Database\BaseBuilder->get()
#4 /opt/lampp/htdocs/S4_htdocs/S4/SI-IHM/TRINOME/RegimeAlimentaire/system/BaseModel.php(676): CodeIgniter\Model->doFindAll()
#5 /opt/lampp/htdocs/S4_htdocs/S4/SI-IHM/TRINOME/RegimeAlimentaire/app/Controllers/BackOffice/RegimeController.php(11): CodeIgniter\BaseModel->findAll()
#6 /opt/lampp/htdocs/S4_htdocs/S4/SI-IHM/TRINOME/RegimeAlimentaire/system/CodeIgniter.php(951): App\Controllers\BackOffice\RegimeController->index()
#7 /opt/lampp/htdocs/S4_htdocs/S4/SI-IHM/TRINOME/RegimeAlimentaire/system/CodeIgniter.php(497): CodeIgniter\CodeIgniter->runController()
#8 /opt/lampp/htdocs/S4_htdocs/S4/SI-IHM/TRINOME/RegimeAlimentaire/system/CodeIgniter.php(340): CodeIgniter\CodeIgniter->handleRequest()
#9 /opt/lampp/htdocs/S4_htdocs/S4/SI-IHM/TRINOME/RegimeAlimentaire/system/Boot.php(417): CodeIgniter\CodeIgniter->run()
#10 /opt/lampp/htdocs/S4_htdocs/S4/SI-IHM/TRINOME/RegimeAlimentaire/system/Boot.php(68): CodeIgniter\Boot::runCodeIgniter()
#11 /opt/lampp/htdocs/S4_htdocs/S4/SI-IHM/TRINOME/RegimeAlimentaire/public/index.php(59): CodeIgniter\Boot::bootWeb()
#12 /opt/lampp/htdocs/S4_htdocs/S4/SI-IHM/TRINOME/RegimeAlimentaire/system/rewrite.php(44): require_once('...')
#13 {main}
CRITICAL - 2026-05-10 12:31:01 --> CodeIgniter\Database\Exceptions\DatabaseException: Unable to connect to the database.
Main connection [Postgre]: Call to undefined function CodeIgniter\Database\Postgre\pg_connect()
[Method: GET, Route: backoffice/regimes]
in SYSTEMPATH/Database/BaseConnection.php on line 606.
 1 SYSTEMPATH/Database/BaseConnection.php(795): CodeIgniter\Database\BaseConnection->initialize()
 2 SYSTEMPATH/Database/BaseBuilder.php(1649): CodeIgniter\Database\BaseConnection->query()
 3 SYSTEMPATH/Model.php(253): CodeIgniter\Database\BaseBuilder->get()
 4 SYSTEMPATH/BaseModel.php(676): CodeIgniter\Model->doFindAll()
 5 APPPATH/Controllers/BackOffice/RegimeController.php(11): CodeIgniter\BaseModel->findAll()
 6 SYSTEMPATH/CodeIgniter.php(951): App\Controllers\BackOffice\RegimeController->index()
 7 SYSTEMPATH/CodeIgniter.php(497): CodeIgniter\CodeIgniter->runController()
 8 SYSTEMPATH/CodeIgniter.php(340): CodeIgniter\CodeIgniter->handleRequest()
 9 SYSTEMPATH/Boot.php(417): CodeIgniter\CodeIgniter->run()
10 SYSTEMPATH/Boot.php(68): CodeIgniter\Boot::runCodeIgniter()
11 FCPATH/index.php(59): CodeIgniter\Boot::bootWeb()
12 SYSTEMPATH/rewrite.php(44): require_once('/opt/lampp/htdocs/S4_htdocs/S4/SI-IHM/TRINOME/RegimeAlimentaire/public/index.php')
ERROR - 2026-05-10 12:31:28 --> Error connecting to the database: Error: Call to undefined function CodeIgniter\Database\Postgre\pg_connect() in /opt/lampp/htdocs/S4_htdocs/S4/SI-IHM/TRINOME/RegimeAlimentaire/system/Database/Postgre/Connection.php:78
Stack trace:
#0 /opt/lampp/htdocs/S4_htdocs/S4/SI-IHM/TRINOME/RegimeAlimentaire/system/Database/BaseConnection.php(555): CodeIgniter\Database\Postgre\Connection->connect()
#1 /opt/lampp/htdocs/S4_htdocs/S4/SI-IHM/TRINOME/RegimeAlimentaire/system/Database/BaseConnection.php(795): CodeIgniter\Database\BaseConnection->initialize()
#2 /opt/lampp/htdocs/S4_htdocs/S4/SI-IHM/TRINOME/RegimeAlimentaire/system/Database/BaseBuilder.php(1649): CodeIgniter\Database\BaseConnection->query()
#3 /opt/lampp/htdocs/S4_htdocs/S4/SI-IHM/TRINOME/RegimeAlimentaire/system/Model.php(253): CodeIgniter\Database\BaseBuilder->get()
#4 /opt/lampp/htdocs/S4_htdocs/S4/SI-IHM/TRINOME/RegimeAlimentaire/system/BaseModel.php(676): CodeIgniter\Model->doFindAll()
#5 /opt/lampp/htdocs/S4_htdocs/S4/SI-IHM/TRINOME/RegimeAlimentaire/app/Controllers/BackOffice/RegimeController.php(11): CodeIgniter\BaseModel->findAll()
#6 /opt/lampp/htdocs/S4_htdocs/S4/SI-IHM/TRINOME/RegimeAlimentaire/system/CodeIgniter.php(951): App\Controllers\BackOffice\RegimeController->index()
#7 /opt/lampp/htdocs/S4_htdocs/S4/SI-IHM/TRINOME/RegimeAlimentaire/system/CodeIgniter.php(497): CodeIgniter\CodeIgniter->runController()
#8 /opt/lampp/htdocs/S4_htdocs/S4/SI-IHM/TRINOME/RegimeAlimentaire/system/CodeIgniter.php(340): CodeIgniter\CodeIgniter->handleRequest()
#9 /opt/lampp/htdocs/S4_htdocs/S4/SI-IHM/TRINOME/RegimeAlimentaire/system/Boot.php(417): CodeIgniter\CodeIgniter->run()
#10 /opt/lampp/htdocs/S4_htdocs/S4/SI-IHM/TRINOME/RegimeAlimentaire/system/Boot.php(68): CodeIgniter\Boot::runCodeIgniter()
#11 /opt/lampp/htdocs/S4_htdocs/S4/SI-IHM/TRINOME/RegimeAlimentaire/public/index.php(59): CodeIgniter\Boot::bootWeb()
#12 /opt/lampp/htdocs/S4_htdocs/S4/SI-IHM/TRINOME/RegimeAlimentaire/system/rewrite.php(44): require_once('...')
#13 {main}
CRITICAL - 2026-05-10 12:31:28 --> CodeIgniter\Database\Exceptions\DatabaseException: Unable to connect to the database.
Main connection [Postgre]: Call to undefined function CodeIgniter\Database\Postgre\pg_connect()
[Method: GET, Route: backoffice/regimes]
in SYSTEMPATH/Database/BaseConnection.php on line 606.
 1 SYSTEMPATH/Database/BaseConnection.php(795): CodeIgniter\Database\BaseConnection->initialize()
 2 SYSTEMPATH/Database/BaseBuilder.php(1649): CodeIgniter\Database\BaseConnection->query()
 3 SYSTEMPATH/Model.php(253): CodeIgniter\Database\BaseBuilder->get()
 4 SYSTEMPATH/BaseModel.php(676): CodeIgniter\Model->doFindAll()
 5 APPPATH/Controllers/BackOffice/RegimeController.php(11): CodeIgniter\BaseModel->findAll()
 6 SYSTEMPATH/CodeIgniter.php(951): App\Controllers\BackOffice\RegimeController->index()
 7 SYSTEMPATH/CodeIgniter.php(497): CodeIgniter\CodeIgniter->runController()
 8 SYSTEMPATH/CodeIgniter.php(340): CodeIgniter\CodeIgniter->handleRequest()
 9 SYSTEMPATH/Boot.php(417): CodeIgniter\CodeIgniter->run()
10 SYSTEMPATH/Boot.php(68): CodeIgniter\Boot::runCodeIgniter()
11 FCPATH/index.php(59): CodeIgniter\Boot::bootWeb()
12 SYSTEMPATH/rewrite.php(44): require_once('/opt/lampp/htdocs/S4_htdocs/S4/SI-IHM/TRINOME/RegimeAlimentaire/public/index.php')
ERROR - 2026-05-10 12:33:00 --> Error connecting to the database: Error: Call to undefined function CodeIgniter\Database\Postgre\pg_connect() in /opt/lampp/htdocs/S4_htdocs/S4/SI-IHM/TRINOME/RegimeAlimentaire/system/Database/Postgre/Connection.php:78
Stack trace:
#0 /opt/lampp/htdocs/S4_htdocs/S4/SI-IHM/TRINOME/RegimeAlimentaire/system/Database/BaseConnection.php(555): CodeIgniter\Database\Postgre\Connection->connect()
#1 /opt/lampp/htdocs/S4_htdocs/S4/SI-IHM/TRINOME/RegimeAlimentaire/system/Database/BaseConnection.php(795): CodeIgniter\Database\BaseConnection->initialize()
#2 /opt/lampp/htdocs/S4_htdocs/S4/SI-IHM/TRINOME/RegimeAlimentaire/system/Database/BaseBuilder.php(1649): CodeIgniter\Database\BaseConnection->query()
#3 /opt/lampp/htdocs/S4_htdocs/S4/SI-IHM/TRINOME/RegimeAlimentaire/system/Model.php(253): CodeIgniter\Database\BaseBuilder->get()
#4 /opt/lampp/htdocs/S4_htdocs/S4/SI-IHM/TRINOME/RegimeAlimentaire/system/BaseModel.php(676): CodeIgniter\Model->doFindAll()
#5 /opt/lampp/htdocs/S4_htdocs/S4/SI-IHM/TRINOME/RegimeAlimentaire/app/Controllers/BackOffice/RegimeController.php(11): CodeIgniter\BaseModel->findAll()
#6 /opt/lampp/htdocs/S4_htdocs/S4/SI-IHM/TRINOME/RegimeAlimentaire/system/CodeIgniter.php(951): App\Controllers\BackOffice\RegimeController->index()
#7 /opt/lampp/htdocs/S4_htdocs/S4/SI-IHM/TRINOME/RegimeAlimentaire/system/CodeIgniter.php(497): CodeIgniter\CodeIgniter->runController()
#8 /opt/lampp/htdocs/S4_htdocs/S4/SI-IHM/TRINOME/RegimeAlimentaire/system/CodeIgniter.php(340): CodeIgniter\CodeIgniter->handleRequest()
#9 /opt/lampp/htdocs/S4_htdocs/S4/SI-IHM/TRINOME/RegimeAlimentaire/system/Boot.php(417): CodeIgniter\CodeIgniter->run()
#10 /opt/lampp/htdocs/S4_htdocs/S4/SI-IHM/TRINOME/RegimeAlimentaire/system/Boot.php(68): CodeIgniter\Boot::runCodeIgniter()
#11 /opt/lampp/htdocs/S4_htdocs/S4/SI-IHM/TRINOME/RegimeAlimentaire/public/index.php(59): CodeIgniter\Boot::bootWeb()
#12 /opt/lampp/htdocs/S4_htdocs/S4/SI-IHM/TRINOME/RegimeAlimentaire/system/rewrite.php(44): require_once('...')
#13 {main}
CRITICAL - 2026-05-10 12:33:00 --> CodeIgniter\Database\Exceptions\DatabaseException: Unable to connect to the database.
Main connection [Postgre]: Call to undefined function CodeIgniter\Database\Postgre\pg_connect()
[Method: GET, Route: backoffice/regimes]
in SYSTEMPATH/Database/BaseConnection.php on line 606.
 1 SYSTEMPATH/Database/BaseConnection.php(795): CodeIgniter\Database\BaseConnection->initialize()
 2 SYSTEMPATH/Database/BaseBuilder.php(1649): CodeIgniter\Database\BaseConnection->query()
 3 SYSTEMPATH/Model.php(253): CodeIgniter\Database\BaseBuilder->get()
 4 SYSTEMPATH/BaseModel.php(676): CodeIgniter\Model->doFindAll()
 5 APPPATH/Controllers/BackOffice/RegimeController.php(11): CodeIgniter\BaseModel->findAll()
 6 SYSTEMPATH/CodeIgniter.php(951): App\Controllers\BackOffice\RegimeController->index()
 7 SYSTEMPATH/CodeIgniter.php(497): CodeIgniter\CodeIgniter->runController()
 8 SYSTEMPATH/CodeIgniter.php(340): CodeIgniter\CodeIgniter->handleRequest()
 9 SYSTEMPATH/Boot.php(417): CodeIgniter\CodeIgniter->run()
10 SYSTEMPATH/Boot.php(68): CodeIgniter\Boot::runCodeIgniter()
11 FCPATH/index.php(59): CodeIgniter\Boot::bootWeb()
12 SYSTEMPATH/rewrite.php(44): require_once('/opt/lampp/htdocs/S4_htdocs/S4/SI-IHM/TRINOME/RegimeAlimentaire/public/index.php')
ERROR - 2026-05-10 12:33:21 --> Error connecting to the database: Error: Call to undefined function CodeIgniter\Database\Postgre\pg_connect() in /opt/lampp/htdocs/S4_htdocs/S4/SI-IHM/TRINOME/RegimeAlimentaire/system/Database/Postgre/Connection.php:78
Stack trace:
#0 /opt/lampp/htdocs/S4_htdocs/S4/SI-IHM/TRINOME/RegimeAlimentaire/system/Database/BaseConnection.php(555): CodeIgniter\Database\Postgre\Connection->connect()
#1 /opt/lampp/htdocs/S4_htdocs/S4/SI-IHM/TRINOME/RegimeAlimentaire/system/Database/BaseConnection.php(795): CodeIgniter\Database\BaseConnection->initialize()
#2 /opt/lampp/htdocs/S4_htdocs/S4/SI-IHM/TRINOME/RegimeAlimentaire/system/Database/BaseBuilder.php(1649): CodeIgniter\Database\BaseConnection->query()
#3 /opt/lampp/htdocs/S4_htdocs/S4/SI-IHM/TRINOME/RegimeAlimentaire/system/Model.php(253): CodeIgniter\Database\BaseBuilder->get()
#4 /opt/lampp/htdocs/S4_htdocs/S4/SI-IHM/TRINOME/RegimeAlimentaire/system/BaseModel.php(676): CodeIgniter\Model->doFindAll()
#5 /opt/lampp/htdocs/S4_htdocs/S4/SI-IHM/TRINOME/RegimeAlimentaire/app/Controllers/BackOffice/RegimeController.php(11): CodeIgniter\BaseModel->findAll()
#6 /opt/lampp/htdocs/S4_htdocs/S4/SI-IHM/TRINOME/RegimeAlimentaire/system/CodeIgniter.php(951): App\Controllers\BackOffice\RegimeController->index()
#7 /opt/lampp/htdocs/S4_htdocs/S4/SI-IHM/TRINOME/RegimeAlimentaire/system/CodeIgniter.php(497): CodeIgniter\CodeIgniter->runController()
#8 /opt/lampp/htdocs/S4_htdocs/S4/SI-IHM/TRINOME/RegimeAlimentaire/system/CodeIgniter.php(340): CodeIgniter\CodeIgniter->handleRequest()
#9 /opt/lampp/htdocs/S4_htdocs/S4/SI-IHM/TRINOME/RegimeAlimentaire/system/Boot.php(417): CodeIgniter\CodeIgniter->run()
#10 /opt/lampp/htdocs/S4_htdocs/S4/SI-IHM/TRINOME/RegimeAlimentaire/system/Boot.php(68): CodeIgniter\Boot::runCodeIgniter()
#11 /opt/lampp/htdocs/S4_htdocs/S4/SI-IHM/TRINOME/RegimeAlimentaire/public/index.php(59): CodeIgniter\Boot::bootWeb()
#12 /opt/lampp/htdocs/S4_htdocs/S4/SI-IHM/TRINOME/RegimeAlimentaire/system/rewrite.php(44): require_once('...')
#13 {main}
CRITICAL - 2026-05-10 12:33:21 --> CodeIgniter\Database\Exceptions\DatabaseException: Unable to connect to the database.
Main connection [Postgre]: Call to undefined function CodeIgniter\Database\Postgre\pg_connect()
[Method: GET, Route: backoffice/regimes]
in SYSTEMPATH/Database/BaseConnection.php on line 606.
 1 SYSTEMPATH/Database/BaseConnection.php(795): CodeIgniter\Database\BaseConnection->initialize()
 2 SYSTEMPATH/Database/BaseBuilder.php(1649): CodeIgniter\Database\BaseConnection->query()
 3 SYSTEMPATH/Model.php(253): CodeIgniter\Database\BaseBuilder->get()
 4 SYSTEMPATH/BaseModel.php(676): CodeIgniter\Model->doFindAll()
 5 APPPATH/Controllers/BackOffice/RegimeController.php(11): CodeIgniter\BaseModel->findAll()
 6 SYSTEMPATH/CodeIgniter.php(951): App\Controllers\BackOffice\RegimeController->index()
 7 SYSTEMPATH/CodeIgniter.php(497): CodeIgniter\CodeIgniter->runController()
 8 SYSTEMPATH/CodeIgniter.php(340): CodeIgniter\CodeIgniter->handleRequest()
 9 SYSTEMPATH/Boot.php(417): CodeIgniter\CodeIgniter->run()
10 SYSTEMPATH/Boot.php(68): CodeIgniter\Boot::runCodeIgniter()
11 FCPATH/index.php(59): CodeIgniter\Boot::bootWeb()
12 SYSTEMPATH/rewrite.php(44): require_once('/opt/lampp/htdocs/S4_htdocs/S4/SI-IHM/TRINOME/RegimeAlimentaire/public/index.php')
ERROR - 2026-05-10 12:34:50 --> Error connecting to the database: Error: Call to undefined function CodeIgniter\Database\Postgre\pg_connect() in /opt/lampp/htdocs/S4_htdocs/S4/SI-IHM/TRINOME/RegimeAlimentaire/system/Database/Postgre/Connection.php:78
Stack trace:
#0 /opt/lampp/htdocs/S4_htdocs/S4/SI-IHM/TRINOME/RegimeAlimentaire/system/Database/BaseConnection.php(555): CodeIgniter\Database\Postgre\Connection->connect()
#1 /opt/lampp/htdocs/S4_htdocs/S4/SI-IHM/TRINOME/RegimeAlimentaire/system/Database/BaseConnection.php(795): CodeIgniter\Database\BaseConnection->initialize()
#2 /opt/lampp/htdocs/S4_htdocs/S4/SI-IHM/TRINOME/RegimeAlimentaire/system/Database/BaseBuilder.php(1649): CodeIgniter\Database\BaseConnection->query()
#3 /opt/lampp/htdocs/S4_htdocs/S4/SI-IHM/TRINOME/RegimeAlimentaire/system/Model.php(253): CodeIgniter\Database\BaseBuilder->get()
#4 /opt/lampp/htdocs/S4_htdocs/S4/SI-IHM/TRINOME/RegimeAlimentaire/system/BaseModel.php(676): CodeIgniter\Model->doFindAll()
#5 /opt/lampp/htdocs/S4_htdocs/S4/SI-IHM/TRINOME/RegimeAlimentaire/app/Controllers/BackOffice/RegimeController.php(11): CodeIgniter\BaseModel->findAll()
#6 /opt/lampp/htdocs/S4_htdocs/S4/SI-IHM/TRINOME/RegimeAlimentaire/system/CodeIgniter.php(951): App\Controllers\BackOffice\RegimeController->index()
#7 /opt/lampp/htdocs/S4_htdocs/S4/SI-IHM/TRINOME/RegimeAlimentaire/system/CodeIgniter.php(497): CodeIgniter\CodeIgniter->runController()
#8 /opt/lampp/htdocs/S4_htdocs/S4/SI-IHM/TRINOME/RegimeAlimentaire/system/CodeIgniter.php(340): CodeIgniter\CodeIgniter->handleRequest()
#9 /opt/lampp/htdocs/S4_htdocs/S4/SI-IHM/TRINOME/RegimeAlimentaire/system/Boot.php(417): CodeIgniter\CodeIgniter->run()
#10 /opt/lampp/htdocs/S4_htdocs/S4/SI-IHM/TRINOME/RegimeAlimentaire/system/Boot.php(68): CodeIgniter\Boot::runCodeIgniter()
#11 /opt/lampp/htdocs/S4_htdocs/S4/SI-IHM/TRINOME/RegimeAlimentaire/public/index.php(59): CodeIgniter\Boot::bootWeb()
#12 /opt/lampp/htdocs/S4_htdocs/S4/SI-IHM/TRINOME/RegimeAlimentaire/system/rewrite.php(44): require_once('...')
#13 {main}
CRITICAL - 2026-05-10 12:34:50 --> CodeIgniter\Database\Exceptions\DatabaseException: Unable to connect to the database.
Main connection [Postgre]: Call to undefined function CodeIgniter\Database\Postgre\pg_connect()
[Method: GET, Route: backoffice/regimes]
in SYSTEMPATH/Database/BaseConnection.php on line 606.
 1 SYSTEMPATH/Database/BaseConnection.php(795): CodeIgniter\Database\BaseConnection->initialize()
 2 SYSTEMPATH/Database/BaseBuilder.php(1649): CodeIgniter\Database\BaseConnection->query()
 3 SYSTEMPATH/Model.php(253): CodeIgniter\Database\BaseBuilder->get()
 4 SYSTEMPATH/BaseModel.php(676): CodeIgniter\Model->doFindAll()
 5 APPPATH/Controllers/BackOffice/RegimeController.php(11): CodeIgniter\BaseModel->findAll()
 6 SYSTEMPATH/CodeIgniter.php(951): App\Controllers\BackOffice\RegimeController->index()
 7 SYSTEMPATH/CodeIgniter.php(497): CodeIgniter\CodeIgniter->runController()
 8 SYSTEMPATH/CodeIgniter.php(340): CodeIgniter\CodeIgniter->handleRequest()
 9 SYSTEMPATH/Boot.php(417): CodeIgniter\CodeIgniter->run()
10 SYSTEMPATH/Boot.php(68): CodeIgniter\Boot::runCodeIgniter()
11 FCPATH/index.php(59): CodeIgniter\Boot::bootWeb()
12 SYSTEMPATH/rewrite.php(44): require_once('/opt/lampp/htdocs/S4_htdocs/S4/SI-IHM/TRINOME/RegimeAlimentaire/public/index.php')
ERROR - 2026-05-10 12:35:11 --> Error connecting to the database: Error: Call to undefined function CodeIgniter\Database\Postgre\pg_connect() in /opt/lampp/htdocs/S4_htdocs/S4/SI-IHM/TRINOME/RegimeAlimentaire/system/Database/Postgre/Connection.php:78
Stack trace:
#0 /opt/lampp/htdocs/S4_htdocs/S4/SI-IHM/TRINOME/RegimeAlimentaire/system/Database/BaseConnection.php(555): CodeIgniter\Database\Postgre\Connection->connect()
#1 /opt/lampp/htdocs/S4_htdocs/S4/SI-IHM/TRINOME/RegimeAlimentaire/system/Database/BaseConnection.php(795): CodeIgniter\Database\BaseConnection->initialize()
#2 /opt/lampp/htdocs/S4_htdocs/S4/SI-IHM/TRINOME/RegimeAlimentaire/system/Database/BaseBuilder.php(1649): CodeIgniter\Database\BaseConnection->query()
#3 /opt/lampp/htdocs/S4_htdocs/S4/SI-IHM/TRINOME/RegimeAlimentaire/system/Model.php(253): CodeIgniter\Database\BaseBuilder->get()
#4 /opt/lampp/htdocs/S4_htdocs/S4/SI-IHM/TRINOME/RegimeAlimentaire/system/BaseModel.php(676): CodeIgniter\Model->doFindAll()
#5 /opt/lampp/htdocs/S4_htdocs/S4/SI-IHM/TRINOME/RegimeAlimentaire/app/Controllers/BackOffice/RegimeController.php(11): CodeIgniter\BaseModel->findAll()
#6 /opt/lampp/htdocs/S4_htdocs/S4/SI-IHM/TRINOME/RegimeAlimentaire/system/CodeIgniter.php(951): App\Controllers\BackOffice\RegimeController->index()
#7 /opt/lampp/htdocs/S4_htdocs/S4/SI-IHM/TRINOME/RegimeAlimentaire/system/CodeIgniter.php(497): CodeIgniter\CodeIgniter->runController()
#8 /opt/lampp/htdocs/S4_htdocs/S4/SI-IHM/TRINOME/RegimeAlimentaire/system/CodeIgniter.php(340): CodeIgniter\CodeIgniter->handleRequest()
#9 /opt/lampp/htdocs/S4_htdocs/S4/SI-IHM/TRINOME/RegimeAlimentaire/system/Boot.php(417): CodeIgniter\CodeIgniter->run()
#10 /opt/lampp/htdocs/S4_htdocs/S4/SI-IHM/TRINOME/RegimeAlimentaire/system/Boot.php(68): CodeIgniter\Boot::runCodeIgniter()
#11 /opt/lampp/htdocs/S4_htdocs/S4/SI-IHM/TRINOME/RegimeAlimentaire/public/index.php(59): CodeIgniter\Boot::bootWeb()
#12 /opt/lampp/htdocs/S4_htdocs/S4/SI-IHM/TRINOME/RegimeAlimentaire/system/rewrite.php(44): require_once('...')
#13 {main}
CRITICAL - 2026-05-10 12:35:11 --> CodeIgniter\Database\Exceptions\DatabaseException: Unable to connect to the database.
Main connection [Postgre]: Call to undefined function CodeIgniter\Database\Postgre\pg_connect()
[Method: GET, Route: backoffice/regimes]
in SYSTEMPATH/Database/BaseConnection.php on line 606.
 1 SYSTEMPATH/Database/BaseConnection.php(795): CodeIgniter\Database\BaseConnection->initialize()
 2 SYSTEMPATH/Database/BaseBuilder.php(1649): CodeIgniter\Database\BaseConnection->query()
 3 SYSTEMPATH/Model.php(253): CodeIgniter\Database\BaseBuilder->get()
 4 SYSTEMPATH/BaseModel.php(676): CodeIgniter\Model->doFindAll()
 5 APPPATH/Controllers/BackOffice/RegimeController.php(11): CodeIgniter\BaseModel->findAll()
 6 SYSTEMPATH/CodeIgniter.php(951): App\Controllers\BackOffice\RegimeController->index()
 7 SYSTEMPATH/CodeIgniter.php(497): CodeIgniter\CodeIgniter->runController()
 8 SYSTEMPATH/CodeIgniter.php(340): CodeIgniter\CodeIgniter->handleRequest()
 9 SYSTEMPATH/Boot.php(417): CodeIgniter\CodeIgniter->run()
10 SYSTEMPATH/Boot.php(68): CodeIgniter\Boot::runCodeIgniter()
11 FCPATH/index.php(59): CodeIgniter\Boot::bootWeb()
12 SYSTEMPATH/rewrite.php(44): require_once('/opt/lampp/htdocs/S4_htdocs/S4/SI-IHM/TRINOME/RegimeAlimentaire/public/index.php')
ERROR - 2026-05-10 12:38:02 --> Error connecting to the database: Error: Call to undefined function CodeIgniter\Database\Postgre\pg_connect() in /opt/lampp/htdocs/S4_htdocs/S4/SI-IHM/TRINOME/RegimeAlimentaire/system/Database/Postgre/Connection.php:78
Stack trace:
#0 /opt/lampp/htdocs/S4_htdocs/S4/SI-IHM/TRINOME/RegimeAlimentaire/system/Database/BaseConnection.php(555): CodeIgniter\Database\Postgre\Connection->connect()
#1 /opt/lampp/htdocs/S4_htdocs/S4/SI-IHM/TRINOME/RegimeAlimentaire/system/Database/BaseConnection.php(795): CodeIgniter\Database\BaseConnection->initialize()
#2 /opt/lampp/htdocs/S4_htdocs/S4/SI-IHM/TRINOME/RegimeAlimentaire/system/Database/BaseBuilder.php(1649): CodeIgniter\Database\BaseConnection->query()
#3 /opt/lampp/htdocs/S4_htdocs/S4/SI-IHM/TRINOME/RegimeAlimentaire/system/Model.php(253): CodeIgniter\Database\BaseBuilder->get()
#4 /opt/lampp/htdocs/S4_htdocs/S4/SI-IHM/TRINOME/RegimeAlimentaire/system/BaseModel.php(676): CodeIgniter\Model->doFindAll()
#5 /opt/lampp/htdocs/S4_htdocs/S4/SI-IHM/TRINOME/RegimeAlimentaire/app/Controllers/BackOffice/RegimeController.php(12): CodeIgniter\BaseModel->findAll()
#6 /opt/lampp/htdocs/S4_htdocs/S4/SI-IHM/TRINOME/RegimeAlimentaire/system/CodeIgniter.php(951): App\Controllers\BackOffice\RegimeController->index()
#7 /opt/lampp/htdocs/S4_htdocs/S4/SI-IHM/TRINOME/RegimeAlimentaire/system/CodeIgniter.php(497): CodeIgniter\CodeIgniter->runController()
#8 /opt/lampp/htdocs/S4_htdocs/S4/SI-IHM/TRINOME/RegimeAlimentaire/system/CodeIgniter.php(340): CodeIgniter\CodeIgniter->handleRequest()
#9 /opt/lampp/htdocs/S4_htdocs/S4/SI-IHM/TRINOME/RegimeAlimentaire/system/Boot.php(417): CodeIgniter\CodeIgniter->run()
#10 /opt/lampp/htdocs/S4_htdocs/S4/SI-IHM/TRINOME/RegimeAlimentaire/system/Boot.php(68): CodeIgniter\Boot::runCodeIgniter()
#11 /opt/lampp/htdocs/S4_htdocs/S4/SI-IHM/TRINOME/RegimeAlimentaire/public/index.php(59): CodeIgniter\Boot::bootWeb()
#12 /opt/lampp/htdocs/S4_htdocs/S4/SI-IHM/TRINOME/RegimeAlimentaire/system/rewrite.php(44): require_once('...')
#13 {main}
CRITICAL - 2026-05-10 12:38:02 --> CodeIgniter\Database\Exceptions\DatabaseException: Unable to connect to the database.
Main connection [Postgre]: Call to undefined function CodeIgniter\Database\Postgre\pg_connect()
[Method: GET, Route: backoffice/regimes]
in SYSTEMPATH/Database/BaseConnection.php on line 606.
 1 SYSTEMPATH/Database/BaseConnection.php(795): CodeIgniter\Database\BaseConnection->initialize()
 2 SYSTEMPATH/Database/BaseBuilder.php(1649): CodeIgniter\Database\BaseConnection->query()
 3 SYSTEMPATH/Model.php(253): CodeIgniter\Database\BaseBuilder->get()
 4 SYSTEMPATH/BaseModel.php(676): CodeIgniter\Model->doFindAll()
 5 APPPATH/Controllers/BackOffice/RegimeController.php(12): CodeIgniter\BaseModel->findAll()
 6 SYSTEMPATH/CodeIgniter.php(951): App\Controllers\BackOffice\RegimeController->index()
 7 SYSTEMPATH/CodeIgniter.php(497): CodeIgniter\CodeIgniter->runController()
 8 SYSTEMPATH/CodeIgniter.php(340): CodeIgniter\CodeIgniter->handleRequest()
 9 SYSTEMPATH/Boot.php(417): CodeIgniter\CodeIgniter->run()
10 SYSTEMPATH/Boot.php(68): CodeIgniter\Boot::runCodeIgniter()
11 FCPATH/index.php(59): CodeIgniter\Boot::bootWeb()
12 SYSTEMPATH/rewrite.php(44): require_once('/opt/lampp/htdocs/S4_htdocs/S4/SI-IHM/TRINOME/RegimeAlimentaire/public/index.php')
ERROR - 2026-05-10 12:38:20 --> Error connecting to the database: Error: Call to undefined function CodeIgniter\Database\Postgre\pg_connect() in /opt/lampp/htdocs/S4_htdocs/S4/SI-IHM/TRINOME/RegimeAlimentaire/system/Database/Postgre/Connection.php:78
Stack trace:
#0 /opt/lampp/htdocs/S4_htdocs/S4/SI-IHM/TRINOME/RegimeAlimentaire/system/Database/BaseConnection.php(555): CodeIgniter\Database\Postgre\Connection->connect()
#1 /opt/lampp/htdocs/S4_htdocs/S4/SI-IHM/TRINOME/RegimeAlimentaire/system/Database/BaseConnection.php(795): CodeIgniter\Database\BaseConnection->initialize()
#2 /opt/lampp/htdocs/S4_htdocs/S4/SI-IHM/TRINOME/RegimeAlimentaire/system/Database/BaseBuilder.php(1649): CodeIgniter\Database\BaseConnection->query()
#3 /opt/lampp/htdocs/S4_htdocs/S4/SI-IHM/TRINOME/RegimeAlimentaire/system/Model.php(253): CodeIgniter\Database\BaseBuilder->get()
#4 /opt/lampp/htdocs/S4_htdocs/S4/SI-IHM/TRINOME/RegimeAlimentaire/system/BaseModel.php(676): CodeIgniter\Model->doFindAll()
#5 /opt/lampp/htdocs/S4_htdocs/S4/SI-IHM/TRINOME/RegimeAlimentaire/app/Controllers/BackOffice/RegimeController.php(12): CodeIgniter\BaseModel->findAll()
#6 /opt/lampp/htdocs/S4_htdocs/S4/SI-IHM/TRINOME/RegimeAlimentaire/system/CodeIgniter.php(951): App\Controllers\BackOffice\RegimeController->index()
#7 /opt/lampp/htdocs/S4_htdocs/S4/SI-IHM/TRINOME/RegimeAlimentaire/system/CodeIgniter.php(497): CodeIgniter\CodeIgniter->runController()
#8 /opt/lampp/htdocs/S4_htdocs/S4/SI-IHM/TRINOME/RegimeAlimentaire/system/CodeIgniter.php(340): CodeIgniter\CodeIgniter->handleRequest()
#9 /opt/lampp/htdocs/S4_htdocs/S4/SI-IHM/TRINOME/RegimeAlimentaire/system/Boot.php(417): CodeIgniter\CodeIgniter->run()
#10 /opt/lampp/htdocs/S4_htdocs/S4/SI-IHM/TRINOME/RegimeAlimentaire/system/Boot.php(68): CodeIgniter\Boot::runCodeIgniter()
#11 /opt/lampp/htdocs/S4_htdocs/S4/SI-IHM/TRINOME/RegimeAlimentaire/public/index.php(59): CodeIgniter\Boot::bootWeb()
#12 /opt/lampp/htdocs/S4_htdocs/S4/SI-IHM/TRINOME/RegimeAlimentaire/system/rewrite.php(44): require_once('...')
#13 {main}
CRITICAL - 2026-05-10 12:38:20 --> CodeIgniter\Database\Exceptions\DatabaseException: Unable to connect to the database.
Main connection [Postgre]: Call to undefined function CodeIgniter\Database\Postgre\pg_connect()
[Method: GET, Route: backoffice/regimes]
in SYSTEMPATH/Database/BaseConnection.php on line 606.
 1 SYSTEMPATH/Database/BaseConnection.php(795): CodeIgniter\Database\BaseConnection->initialize()
 2 SYSTEMPATH/Database/BaseBuilder.php(1649): CodeIgniter\Database\BaseConnection->query()
 3 SYSTEMPATH/Model.php(253): CodeIgniter\Database\BaseBuilder->get()
 4 SYSTEMPATH/BaseModel.php(676): CodeIgniter\Model->doFindAll()
 5 APPPATH/Controllers/BackOffice/RegimeController.php(12): CodeIgniter\BaseModel->findAll()
 6 SYSTEMPATH/CodeIgniter.php(951): App\Controllers\BackOffice\RegimeController->index()
 7 SYSTEMPATH/CodeIgniter.php(497): CodeIgniter\CodeIgniter->runController()
 8 SYSTEMPATH/CodeIgniter.php(340): CodeIgniter\CodeIgniter->handleRequest()
 9 SYSTEMPATH/Boot.php(417): CodeIgniter\CodeIgniter->run()
10 SYSTEMPATH/Boot.php(68): CodeIgniter\Boot::runCodeIgniter()
11 FCPATH/index.php(59): CodeIgniter\Boot::bootWeb()
12 SYSTEMPATH/rewrite.php(44): require_once('/opt/lampp/htdocs/S4_htdocs/S4/SI-IHM/TRINOME/RegimeAlimentaire/public/index.php')
ERROR - 2026-05-10 12:51:35 --> Error connecting to the database: ErrorException: pg_connect(): Unable to connect to PostgreSQL server: connection to server at &quot;localhost&quot; (127.0.0.1), port 5432 failed: FATAL:  password authentication failed for user &quot;postgres&quot;
connection to server at &quot;localhost&quot; (127.0.0.1), port 5432 failed: FATAL:  password authentication failed for user &quot;postgres&quot; in /opt/lampp/htdocs/S4_htdocs/S4/SI-IHM/TRINOME/RegimeAlimentaire/system/Database/Postgre/Connection.php:78
Stack trace:
#0 [internal function]: CodeIgniter\Debug\Exceptions->errorHandler()
#1 /opt/lampp/htdocs/S4_htdocs/S4/SI-IHM/TRINOME/RegimeAlimentaire/system/Database/Postgre/Connection.php(78): pg_connect()
#2 /opt/lampp/htdocs/S4_htdocs/S4/SI-IHM/TRINOME/RegimeAlimentaire/system/Database/BaseConnection.php(555): CodeIgniter\Database\Postgre\Connection->connect()
#3 /opt/lampp/htdocs/S4_htdocs/S4/SI-IHM/TRINOME/RegimeAlimentaire/system/Database/BaseConnection.php(795): CodeIgniter\Database\BaseConnection->initialize()
#4 /opt/lampp/htdocs/S4_htdocs/S4/SI-IHM/TRINOME/RegimeAlimentaire/system/Database/BaseBuilder.php(1649): CodeIgniter\Database\BaseConnection->query()
#5 /opt/lampp/htdocs/S4_htdocs/S4/SI-IHM/TRINOME/RegimeAlimentaire/system/Model.php(253): CodeIgniter\Database\BaseBuilder->get()
#6 /opt/lampp/htdocs/S4_htdocs/S4/SI-IHM/TRINOME/RegimeAlimentaire/system/BaseModel.php(676): CodeIgniter\Model->doFindAll()
#7 /opt/lampp/htdocs/S4_htdocs/S4/SI-IHM/TRINOME/RegimeAlimentaire/app/Controllers/BackOffice/RegimeController.php(12): CodeIgniter\BaseModel->findAll()
#8 /opt/lampp/htdocs/S4_htdocs/S4/SI-IHM/TRINOME/RegimeAlimentaire/system/CodeIgniter.php(951): App\Controllers\BackOffice\RegimeController->index()
#9 /opt/lampp/htdocs/S4_htdocs/S4/SI-IHM/TRINOME/RegimeAlimentaire/system/CodeIgniter.php(497): CodeIgniter\CodeIgniter->runController()
#10 /opt/lampp/htdocs/S4_htdocs/S4/SI-IHM/TRINOME/RegimeAlimentaire/system/CodeIgniter.php(340): CodeIgniter\CodeIgniter->handleRequest()
#11 /opt/lampp/htdocs/S4_htdocs/S4/SI-IHM/TRINOME/RegimeAlimentaire/system/Boot.php(417): CodeIgniter\CodeIgniter->run()
#12 /opt/lampp/htdocs/S4_htdocs/S4/SI-IHM/TRINOME/RegimeAlimentaire/system/Boot.php(68): CodeIgniter\Boot::runCodeIgniter()
#13 /opt/lampp/htdocs/S4_htdocs/S4/SI-IHM/TRINOME/RegimeAlimentaire/public/index.php(59): CodeIgniter\Boot::bootWeb()
#14 /opt/lampp/htdocs/S4_htdocs/S4/SI-IHM/TRINOME/RegimeAlimentaire/system/rewrite.php(44): require_once('...')
#15 {main}
CRITICAL - 2026-05-10 12:51:35 --> CodeIgniter\Database\Exceptions\DatabaseException: Unable to connect to the database.
Main connection [Postgre]: pg_connect(): Unable to connect to PostgreSQL server: connection to server at &quot;localhost&quot; (127.0.0.1), port 5432 failed: FATAL:  password authentication failed for user &quot;postgres&quot;
connection to server at &quot;localhost&quot; (127.0.0.1), port 5432 failed: FATAL:  password authentication failed for user &quot;postgres&quot;
[Method: GET, Route: backoffice/regimes]
in SYSTEMPATH/Database/BaseConnection.php on line 606.
 1 SYSTEMPATH/Database/BaseConnection.php(795): CodeIgniter\Database\BaseConnection->initialize()
 2 SYSTEMPATH/Database/BaseBuilder.php(1649): CodeIgniter\Database\BaseConnection->query()
 3 SYSTEMPATH/Model.php(253): CodeIgniter\Database\BaseBuilder->get()
 4 SYSTEMPATH/BaseModel.php(676): CodeIgniter\Model->doFindAll()
 5 APPPATH/Controllers/BackOffice/RegimeController.php(12): CodeIgniter\BaseModel->findAll()
 6 SYSTEMPATH/CodeIgniter.php(951): App\Controllers\BackOffice\RegimeController->index()
 7 SYSTEMPATH/CodeIgniter.php(497): CodeIgniter\CodeIgniter->runController()
 8 SYSTEMPATH/CodeIgniter.php(340): CodeIgniter\CodeIgniter->handleRequest()
 9 SYSTEMPATH/Boot.php(417): CodeIgniter\CodeIgniter->run()
10 SYSTEMPATH/Boot.php(68): CodeIgniter\Boot::runCodeIgniter()
11 FCPATH/index.php(59): CodeIgniter\Boot::bootWeb()
12 SYSTEMPATH/rewrite.php(44): require_once('/opt/lampp/htdocs/S4_htdocs/S4/SI-IHM/TRINOME/RegimeAlimentaire/public/index.php')
ERROR - 2026-05-10 12:52:36 --> Error connecting to the database: ErrorException: pg_connect(): Unable to connect to PostgreSQL server: connection to server at &quot;localhost&quot; (127.0.0.1), port 5432 failed: FATAL:  password authentication failed for user &quot;postgres&quot;
connection to server at &quot;localhost&quot; (127.0.0.1), port 5432 failed: FATAL:  password authentication failed for user &quot;postgres&quot; in /opt/lampp/htdocs/S4_htdocs/S4/SI-IHM/TRINOME/RegimeAlimentaire/system/Database/Postgre/Connection.php:78
Stack trace:
#0 [internal function]: CodeIgniter\Debug\Exceptions->errorHandler()
#1 /opt/lampp/htdocs/S4_htdocs/S4/SI-IHM/TRINOME/RegimeAlimentaire/system/Database/Postgre/Connection.php(78): pg_connect()
#2 /opt/lampp/htdocs/S4_htdocs/S4/SI-IHM/TRINOME/RegimeAlimentaire/system/Database/BaseConnection.php(555): CodeIgniter\Database\Postgre\Connection->connect()
#3 /opt/lampp/htdocs/S4_htdocs/S4/SI-IHM/TRINOME/RegimeAlimentaire/system/Database/BaseConnection.php(795): CodeIgniter\Database\BaseConnection->initialize()
#4 /opt/lampp/htdocs/S4_htdocs/S4/SI-IHM/TRINOME/RegimeAlimentaire/system/Database/BaseBuilder.php(1649): CodeIgniter\Database\BaseConnection->query()
#5 /opt/lampp/htdocs/S4_htdocs/S4/SI-IHM/TRINOME/RegimeAlimentaire/system/Model.php(253): CodeIgniter\Database\BaseBuilder->get()
#6 /opt/lampp/htdocs/S4_htdocs/S4/SI-IHM/TRINOME/RegimeAlimentaire/system/BaseModel.php(676): CodeIgniter\Model->doFindAll()
#7 /opt/lampp/htdocs/S4_htdocs/S4/SI-IHM/TRINOME/RegimeAlimentaire/app/Controllers/BackOffice/RegimeController.php(12): CodeIgniter\BaseModel->findAll()
#8 /opt/lampp/htdocs/S4_htdocs/S4/SI-IHM/TRINOME/RegimeAlimentaire/system/CodeIgniter.php(951): App\Controllers\BackOffice\RegimeController->index()
#9 /opt/lampp/htdocs/S4_htdocs/S4/SI-IHM/TRINOME/RegimeAlimentaire/system/CodeIgniter.php(497): CodeIgniter\CodeIgniter->runController()
#10 /opt/lampp/htdocs/S4_htdocs/S4/SI-IHM/TRINOME/RegimeAlimentaire/system/CodeIgniter.php(340): CodeIgniter\CodeIgniter->handleRequest()
#11 /opt/lampp/htdocs/S4_htdocs/S4/SI-IHM/TRINOME/RegimeAlimentaire/system/Boot.php(417): CodeIgniter\CodeIgniter->run()
#12 /opt/lampp/htdocs/S4_htdocs/S4/SI-IHM/TRINOME/RegimeAlimentaire/system/Boot.php(68): CodeIgniter\Boot::runCodeIgniter()
#13 /opt/lampp/htdocs/S4_htdocs/S4/SI-IHM/TRINOME/RegimeAlimentaire/public/index.php(59): CodeIgniter\Boot::bootWeb()
#14 /opt/lampp/htdocs/S4_htdocs/S4/SI-IHM/TRINOME/RegimeAlimentaire/system/rewrite.php(44): require_once('...')
#15 {main}
CRITICAL - 2026-05-10 12:52:36 --> CodeIgniter\Database\Exceptions\DatabaseException: Unable to connect to the database.
Main connection [Postgre]: pg_connect(): Unable to connect to PostgreSQL server: connection to server at &quot;localhost&quot; (127.0.0.1), port 5432 failed: FATAL:  password authentication failed for user &quot;postgres&quot;
connection to server at &quot;localhost&quot; (127.0.0.1), port 5432 failed: FATAL:  password authentication failed for user &quot;postgres&quot;
[Method: GET, Route: backoffice/regimes]
in SYSTEMPATH/Database/BaseConnection.php on line 606.
 1 SYSTEMPATH/Database/BaseConnection.php(795): CodeIgniter\Database\BaseConnection->initialize()
 2 SYSTEMPATH/Database/BaseBuilder.php(1649): CodeIgniter\Database\BaseConnection->query()
 3 SYSTEMPATH/Model.php(253): CodeIgniter\Database\BaseBuilder->get()
 4 SYSTEMPATH/BaseModel.php(676): CodeIgniter\Model->doFindAll()
 5 APPPATH/Controllers/BackOffice/RegimeController.php(12): CodeIgniter\BaseModel->findAll()
 6 SYSTEMPATH/CodeIgniter.php(951): App\Controllers\BackOffice\RegimeController->index()
 7 SYSTEMPATH/CodeIgniter.php(497): CodeIgniter\CodeIgniter->runController()
 8 SYSTEMPATH/CodeIgniter.php(340): CodeIgniter\CodeIgniter->handleRequest()
 9 SYSTEMPATH/Boot.php(417): CodeIgniter\CodeIgniter->run()
10 SYSTEMPATH/Boot.php(68): CodeIgniter\Boot::runCodeIgniter()
11 FCPATH/index.php(59): CodeIgniter\Boot::bootWeb()
12 SYSTEMPATH/rewrite.php(44): require_once('/opt/lampp/htdocs/S4_htdocs/S4/SI-IHM/TRINOME/RegimeAlimentaire/public/index.php')
ERROR - 2026-05-10 12:54:00 --> Error connecting to the database: ErrorException: pg_connect(): Unable to connect to PostgreSQL server: connection to server at &quot;localhost&quot; (127.0.0.1), port 5432 failed: FATAL:  password authentication failed for user &quot;postgres&quot;
connection to server at &quot;localhost&quot; (127.0.0.1), port 5432 failed: FATAL:  password authentication failed for user &quot;postgres&quot; in /opt/lampp/htdocs/S4_htdocs/S4/SI-IHM/TRINOME/RegimeAlimentaire/system/Database/Postgre/Connection.php:78
Stack trace:
#0 [internal function]: CodeIgniter\Debug\Exceptions->errorHandler()
#1 /opt/lampp/htdocs/S4_htdocs/S4/SI-IHM/TRINOME/RegimeAlimentaire/system/Database/Postgre/Connection.php(78): pg_connect()
#2 /opt/lampp/htdocs/S4_htdocs/S4/SI-IHM/TRINOME/RegimeAlimentaire/system/Database/BaseConnection.php(555): CodeIgniter\Database\Postgre\Connection->connect()
#3 /opt/lampp/htdocs/S4_htdocs/S4/SI-IHM/TRINOME/RegimeAlimentaire/system/Database/BaseConnection.php(795): CodeIgniter\Database\BaseConnection->initialize()
#4 /opt/lampp/htdocs/S4_htdocs/S4/SI-IHM/TRINOME/RegimeAlimentaire/system/Database/BaseBuilder.php(1649): CodeIgniter\Database\BaseConnection->query()
#5 /opt/lampp/htdocs/S4_htdocs/S4/SI-IHM/TRINOME/RegimeAlimentaire/system/Model.php(253): CodeIgniter\Database\BaseBuilder->get()
#6 /opt/lampp/htdocs/S4_htdocs/S4/SI-IHM/TRINOME/RegimeAlimentaire/system/BaseModel.php(676): CodeIgniter\Model->doFindAll()
#7 /opt/lampp/htdocs/S4_htdocs/S4/SI-IHM/TRINOME/RegimeAlimentaire/app/Controllers/BackOffice/RegimeController.php(12): CodeIgniter\BaseModel->findAll()
#8 /opt/lampp/htdocs/S4_htdocs/S4/SI-IHM/TRINOME/RegimeAlimentaire/system/CodeIgniter.php(951): App\Controllers\BackOffice\RegimeController->index()
#9 /opt/lampp/htdocs/S4_htdocs/S4/SI-IHM/TRINOME/RegimeAlimentaire/system/CodeIgniter.php(497): CodeIgniter\CodeIgniter->runController()
#10 /opt/lampp/htdocs/S4_htdocs/S4/SI-IHM/TRINOME/RegimeAlimentaire/system/CodeIgniter.php(340): CodeIgniter\CodeIgniter->handleRequest()
#11 /opt/lampp/htdocs/S4_htdocs/S4/SI-IHM/TRINOME/RegimeAlimentaire/system/Boot.php(417): CodeIgniter\CodeIgniter->run()
#12 /opt/lampp/htdocs/S4_htdocs/S4/SI-IHM/TRINOME/RegimeAlimentaire/system/Boot.php(68): CodeIgniter\Boot::runCodeIgniter()
#13 /opt/lampp/htdocs/S4_htdocs/S4/SI-IHM/TRINOME/RegimeAlimentaire/public/index.php(59): CodeIgniter\Boot::bootWeb()
#14 /opt/lampp/htdocs/S4_htdocs/S4/SI-IHM/TRINOME/RegimeAlimentaire/system/rewrite.php(44): require_once('...')
#15 {main}
CRITICAL - 2026-05-10 12:54:00 --> CodeIgniter\Database\Exceptions\DatabaseException: Unable to connect to the database.
Main connection [Postgre]: pg_connect(): Unable to connect to PostgreSQL server: connection to server at &quot;localhost&quot; (127.0.0.1), port 5432 failed: FATAL:  password authentication failed for user &quot;postgres&quot;
connection to server at &quot;localhost&quot; (127.0.0.1), port 5432 failed: FATAL:  password authentication failed for user &quot;postgres&quot;
[Method: GET, Route: backoffice/regimes]
in SYSTEMPATH/Database/BaseConnection.php on line 606.
 1 SYSTEMPATH/Database/BaseConnection.php(795): CodeIgniter\Database\BaseConnection->initialize()
 2 SYSTEMPATH/Database/BaseBuilder.php(1649): CodeIgniter\Database\BaseConnection->query()
 3 SYSTEMPATH/Model.php(253): CodeIgniter\Database\BaseBuilder->get()
 4 SYSTEMPATH/BaseModel.php(676): CodeIgniter\Model->doFindAll()
 5 APPPATH/Controllers/BackOffice/RegimeController.php(12): CodeIgniter\BaseModel->findAll()
 6 SYSTEMPATH/CodeIgniter.php(951): App\Controllers\BackOffice\RegimeController->index()
 7 SYSTEMPATH/CodeIgniter.php(497): CodeIgniter\CodeIgniter->runController()
 8 SYSTEMPATH/CodeIgniter.php(340): CodeIgniter\CodeIgniter->handleRequest()
 9 SYSTEMPATH/Boot.php(417): CodeIgniter\CodeIgniter->run()
10 SYSTEMPATH/Boot.php(68): CodeIgniter\Boot::runCodeIgniter()
11 FCPATH/index.php(59): CodeIgniter\Boot::bootWeb()
12 SYSTEMPATH/rewrite.php(44): require_once('/opt/lampp/htdocs/S4_htdocs/S4/SI-IHM/TRINOME/RegimeAlimentaire/public/index.php')
ERROR - 2026-05-10 13:08:26 --> Error connecting to the database: ErrorException: pg_connect(): Unable to connect to PostgreSQL server: connection to server at &quot;localhost&quot; (127.0.0.1), port 5432 failed: FATAL:  password authentication failed for user &quot;postgres&quot;
connection to server at &quot;localhost&quot; (127.0.0.1), port 5432 failed: FATAL:  password authentication failed for user &quot;postgres&quot; in /opt/lampp/htdocs/S4_htdocs/S4/SI-IHM/TRINOME/RegimeAlimentaire/system/Database/Postgre/Connection.php:78
Stack trace:
#0 [internal function]: CodeIgniter\Debug\Exceptions->errorHandler()
#1 /opt/lampp/htdocs/S4_htdocs/S4/SI-IHM/TRINOME/RegimeAlimentaire/system/Database/Postgre/Connection.php(78): pg_connect()
#2 /opt/lampp/htdocs/S4_htdocs/S4/SI-IHM/TRINOME/RegimeAlimentaire/system/Database/BaseConnection.php(555): CodeIgniter\Database\Postgre\Connection->connect()
#3 /opt/lampp/htdocs/S4_htdocs/S4/SI-IHM/TRINOME/RegimeAlimentaire/system/Database/BaseConnection.php(795): CodeIgniter\Database\BaseConnection->initialize()
#4 /opt/lampp/htdocs/S4_htdocs/S4/SI-IHM/TRINOME/RegimeAlimentaire/system/Database/BaseBuilder.php(1649): CodeIgniter\Database\BaseConnection->query()
#5 /opt/lampp/htdocs/S4_htdocs/S4/SI-IHM/TRINOME/RegimeAlimentaire/system/Model.php(253): CodeIgniter\Database\BaseBuilder->get()
#6 /opt/lampp/htdocs/S4_htdocs/S4/SI-IHM/TRINOME/RegimeAlimentaire/system/BaseModel.php(676): CodeIgniter\Model->doFindAll()
#7 /opt/lampp/htdocs/S4_htdocs/S4/SI-IHM/TRINOME/RegimeAlimentaire/app/Controllers/BackOffice/RegimeController.php(13): CodeIgniter\BaseModel->findAll()
#8 /opt/lampp/htdocs/S4_htdocs/S4/SI-IHM/TRINOME/RegimeAlimentaire/system/CodeIgniter.php(951): App\Controllers\BackOffice\RegimeController->index()
#9 /opt/lampp/htdocs/S4_htdocs/S4/SI-IHM/TRINOME/RegimeAlimentaire/system/CodeIgniter.php(497): CodeIgniter\CodeIgniter->runController()
#10 /opt/lampp/htdocs/S4_htdocs/S4/SI-IHM/TRINOME/RegimeAlimentaire/system/CodeIgniter.php(340): CodeIgniter\CodeIgniter->handleRequest()
#11 /opt/lampp/htdocs/S4_htdocs/S4/SI-IHM/TRINOME/RegimeAlimentaire/system/Boot.php(417): CodeIgniter\CodeIgniter->run()
#12 /opt/lampp/htdocs/S4_htdocs/S4/SI-IHM/TRINOME/RegimeAlimentaire/system/Boot.php(68): CodeIgniter\Boot::runCodeIgniter()
#13 /opt/lampp/htdocs/S4_htdocs/S4/SI-IHM/TRINOME/RegimeAlimentaire/public/index.php(61): CodeIgniter\Boot::bootWeb()
#14 /opt/lampp/htdocs/S4_htdocs/S4/SI-IHM/TRINOME/RegimeAlimentaire/system/rewrite.php(44): require_once('...')
#15 {main}
CRITICAL - 2026-05-10 13:08:26 --> CodeIgniter\Database\Exceptions\DatabaseException: Unable to connect to the database.
Main connection [Postgre]: pg_connect(): Unable to connect to PostgreSQL server: connection to server at &quot;localhost&quot; (127.0.0.1), port 5432 failed: FATAL:  password authentication failed for user &quot;postgres&quot;
connection to server at &quot;localhost&quot; (127.0.0.1), port 5432 failed: FATAL:  password authentication failed for user &quot;postgres&quot;
[Method: GET, Route: backoffice/regimes]
in SYSTEMPATH/Database/BaseConnection.php on line 606.
 1 SYSTEMPATH/Database/BaseConnection.php(795): CodeIgniter\Database\BaseConnection->initialize()
 2 SYSTEMPATH/Database/BaseBuilder.php(1649): CodeIgniter\Database\BaseConnection->query()
 3 SYSTEMPATH/Model.php(253): CodeIgniter\Database\BaseBuilder->get()
 4 SYSTEMPATH/BaseModel.php(676): CodeIgniter\Model->doFindAll()
 5 APPPATH/Controllers/BackOffice/RegimeController.php(13): CodeIgniter\BaseModel->findAll()
 6 SYSTEMPATH/CodeIgniter.php(951): App\Controllers\BackOffice\RegimeController->index()
 7 SYSTEMPATH/CodeIgniter.php(497): CodeIgniter\CodeIgniter->runController()
 8 SYSTEMPATH/CodeIgniter.php(340): CodeIgniter\CodeIgniter->handleRequest()
 9 SYSTEMPATH/Boot.php(417): CodeIgniter\CodeIgniter->run()
10 SYSTEMPATH/Boot.php(68): CodeIgniter\Boot::runCodeIgniter()
11 FCPATH/index.php(61): CodeIgniter\Boot::bootWeb()
12 SYSTEMPATH/rewrite.php(44): require_once('/opt/lampp/htdocs/S4_htdocs/S4/SI-IHM/TRINOME/RegimeAlimentaire/public/index.php')
ERROR - 2026-05-10 13:12:19 --> Error connecting to the database: ErrorException: pg_connect(): Unable to connect to PostgreSQL server: connection to server at &quot;localhost&quot; (127.0.0.1), port 5432 failed: FATAL:  password authentication failed for user &quot;postgres&quot;
connection to server at &quot;localhost&quot; (127.0.0.1), port 5432 failed: FATAL:  password authentication failed for user &quot;postgres&quot; in /opt/lampp/htdocs/S4_htdocs/S4/SI-IHM/TRINOME/RegimeAlimentaire/system/Database/Postgre/Connection.php:78
Stack trace:
#0 [internal function]: CodeIgniter\Debug\Exceptions->errorHandler()
#1 /opt/lampp/htdocs/S4_htdocs/S4/SI-IHM/TRINOME/RegimeAlimentaire/system/Database/Postgre/Connection.php(78): pg_connect()
#2 /opt/lampp/htdocs/S4_htdocs/S4/SI-IHM/TRINOME/RegimeAlimentaire/system/Database/BaseConnection.php(555): CodeIgniter\Database\Postgre\Connection->connect()
#3 /opt/lampp/htdocs/S4_htdocs/S4/SI-IHM/TRINOME/RegimeAlimentaire/system/Database/BaseConnection.php(795): CodeIgniter\Database\BaseConnection->initialize()
#4 /opt/lampp/htdocs/S4_htdocs/S4/SI-IHM/TRINOME/RegimeAlimentaire/system/Database/BaseBuilder.php(1649): CodeIgniter\Database\BaseConnection->query()
#5 /opt/lampp/htdocs/S4_htdocs/S4/SI-IHM/TRINOME/RegimeAlimentaire/system/Model.php(253): CodeIgniter\Database\BaseBuilder->get()
#6 /opt/lampp/htdocs/S4_htdocs/S4/SI-IHM/TRINOME/RegimeAlimentaire/system/BaseModel.php(676): CodeIgniter\Model->doFindAll()
#7 /opt/lampp/htdocs/S4_htdocs/S4/SI-IHM/TRINOME/RegimeAlimentaire/app/Controllers/BackOffice/RegimeController.php(13): CodeIgniter\BaseModel->findAll()
#8 /opt/lampp/htdocs/S4_htdocs/S4/SI-IHM/TRINOME/RegimeAlimentaire/system/CodeIgniter.php(951): App\Controllers\BackOffice\RegimeController->index()
#9 /opt/lampp/htdocs/S4_htdocs/S4/SI-IHM/TRINOME/RegimeAlimentaire/system/CodeIgniter.php(497): CodeIgniter\CodeIgniter->runController()
#10 /opt/lampp/htdocs/S4_htdocs/S4/SI-IHM/TRINOME/RegimeAlimentaire/system/CodeIgniter.php(340): CodeIgniter\CodeIgniter->handleRequest()
#11 /opt/lampp/htdocs/S4_htdocs/S4/SI-IHM/TRINOME/RegimeAlimentaire/system/Boot.php(417): CodeIgniter\CodeIgniter->run()
#12 /opt/lampp/htdocs/S4_htdocs/S4/SI-IHM/TRINOME/RegimeAlimentaire/system/Boot.php(68): CodeIgniter\Boot::runCodeIgniter()
#13 /opt/lampp/htdocs/S4_htdocs/S4/SI-IHM/TRINOME/RegimeAlimentaire/public/index.php(61): CodeIgniter\Boot::bootWeb()
#14 /opt/lampp/htdocs/S4_htdocs/S4/SI-IHM/TRINOME/RegimeAlimentaire/system/rewrite.php(44): require_once('...')
#15 {main}
CRITICAL - 2026-05-10 13:12:19 --> CodeIgniter\Database\Exceptions\DatabaseException: Unable to connect to the database.
Main connection [Postgre]: pg_connect(): Unable to connect to PostgreSQL server: connection to server at &quot;localhost&quot; (127.0.0.1), port 5432 failed: FATAL:  password authentication failed for user &quot;postgres&quot;
connection to server at &quot;localhost&quot; (127.0.0.1), port 5432 failed: FATAL:  password authentication failed for user &quot;postgres&quot;
[Method: GET, Route: backoffice/regimes]
in SYSTEMPATH/Database/BaseConnection.php on line 606.
 1 SYSTEMPATH/Database/BaseConnection.php(795): CodeIgniter\Database\BaseConnection->initialize()
 2 SYSTEMPATH/Database/BaseBuilder.php(1649): CodeIgniter\Database\BaseConnection->query()
 3 SYSTEMPATH/Model.php(253): CodeIgniter\Database\BaseBuilder->get()
 4 SYSTEMPATH/BaseModel.php(676): CodeIgniter\Model->doFindAll()
 5 APPPATH/Controllers/BackOffice/RegimeController.php(13): CodeIgniter\BaseModel->findAll()
 6 SYSTEMPATH/CodeIgniter.php(951): App\Controllers\BackOffice\RegimeController->index()
 7 SYSTEMPATH/CodeIgniter.php(497): CodeIgniter\CodeIgniter->runController()
 8 SYSTEMPATH/CodeIgniter.php(340): CodeIgniter\CodeIgniter->handleRequest()
 9 SYSTEMPATH/Boot.php(417): CodeIgniter\CodeIgniter->run()
10 SYSTEMPATH/Boot.php(68): CodeIgniter\Boot::runCodeIgniter()
11 FCPATH/index.php(61): CodeIgniter\Boot::bootWeb()
12 SYSTEMPATH/rewrite.php(44): require_once('/opt/lampp/htdocs/S4_htdocs/S4/SI-IHM/TRINOME/RegimeAlimentaire/public/index.php')
ERROR - 2026-05-10 13:26:17 --> Error connecting to the database: ErrorException: pg_connect(): Unable to connect to PostgreSQL server: connection to server at &quot;localhost&quot; (127.0.0.1), port 5432 failed: FATAL:  password authentication failed for user &quot;postgres&quot;
connection to server at &quot;localhost&quot; (127.0.0.1), port 5432 failed: FATAL:  password authentication failed for user &quot;postgres&quot; in /opt/lampp/htdocs/S4_htdocs/S4/SI-IHM/TRINOME/RegimeAlimentaire/system/Database/Postgre/Connection.php:78
Stack trace:
#0 [internal function]: CodeIgniter\Debug\Exceptions->errorHandler()
#1 /opt/lampp/htdocs/S4_htdocs/S4/SI-IHM/TRINOME/RegimeAlimentaire/system/Database/Postgre/Connection.php(78): pg_connect()
#2 /opt/lampp/htdocs/S4_htdocs/S4/SI-IHM/TRINOME/RegimeAlimentaire/system/Database/BaseConnection.php(555): CodeIgniter\Database\Postgre\Connection->connect()
#3 /opt/lampp/htdocs/S4_htdocs/S4/SI-IHM/TRINOME/RegimeAlimentaire/system/Database/BaseConnection.php(795): CodeIgniter\Database\BaseConnection->initialize()
#4 /opt/lampp/htdocs/S4_htdocs/S4/SI-IHM/TRINOME/RegimeAlimentaire/system/Database/BaseBuilder.php(1649): CodeIgniter\Database\BaseConnection->query()
#5 /opt/lampp/htdocs/S4_htdocs/S4/SI-IHM/TRINOME/RegimeAlimentaire/system/Model.php(253): CodeIgniter\Database\BaseBuilder->get()
#6 /opt/lampp/htdocs/S4_htdocs/S4/SI-IHM/TRINOME/RegimeAlimentaire/system/BaseModel.php(676): CodeIgniter\Model->doFindAll()
#7 /opt/lampp/htdocs/S4_htdocs/S4/SI-IHM/TRINOME/RegimeAlimentaire/app/Controllers/BackOffice/RegimeController.php(13): CodeIgniter\BaseModel->findAll()
#8 /opt/lampp/htdocs/S4_htdocs/S4/SI-IHM/TRINOME/RegimeAlimentaire/system/CodeIgniter.php(951): App\Controllers\BackOffice\RegimeController->index()
#9 /opt/lampp/htdocs/S4_htdocs/S4/SI-IHM/TRINOME/RegimeAlimentaire/system/CodeIgniter.php(497): CodeIgniter\CodeIgniter->runController()
#10 /opt/lampp/htdocs/S4_htdocs/S4/SI-IHM/TRINOME/RegimeAlimentaire/system/CodeIgniter.php(340): CodeIgniter\CodeIgniter->handleRequest()
#11 /opt/lampp/htdocs/S4_htdocs/S4/SI-IHM/TRINOME/RegimeAlimentaire/system/Boot.php(417): CodeIgniter\CodeIgniter->run()
#12 /opt/lampp/htdocs/S4_htdocs/S4/SI-IHM/TRINOME/RegimeAlimentaire/system/Boot.php(68): CodeIgniter\Boot::runCodeIgniter()
#13 /opt/lampp/htdocs/S4_htdocs/S4/SI-IHM/TRINOME/RegimeAlimentaire/public/index.php(61): CodeIgniter\Boot::bootWeb()
#14 /opt/lampp/htdocs/S4_htdocs/S4/SI-IHM/TRINOME/RegimeAlimentaire/system/rewrite.php(44): require_once('...')
#15 {main}
CRITICAL - 2026-05-10 13:26:17 --> CodeIgniter\Database\Exceptions\DatabaseException: Unable to connect to the database.
Main connection [Postgre]: pg_connect(): Unable to connect to PostgreSQL server: connection to server at &quot;localhost&quot; (127.0.0.1), port 5432 failed: FATAL:  password authentication failed for user &quot;postgres&quot;
connection to server at &quot;localhost&quot; (127.0.0.1), port 5432 failed: FATAL:  password authentication failed for user &quot;postgres&quot;
[Method: GET, Route: backoffice/regimes]
in SYSTEMPATH/Database/BaseConnection.php on line 606.
 1 SYSTEMPATH/Database/BaseConnection.php(795): CodeIgniter\Database\BaseConnection->initialize()
 2 SYSTEMPATH/Database/BaseBuilder.php(1649): CodeIgniter\Database\BaseConnection->query()
 3 SYSTEMPATH/Model.php(253): CodeIgniter\Database\BaseBuilder->get()
 4 SYSTEMPATH/BaseModel.php(676): CodeIgniter\Model->doFindAll()
 5 APPPATH/Controllers/BackOffice/RegimeController.php(13): CodeIgniter\BaseModel->findAll()
 6 SYSTEMPATH/CodeIgniter.php(951): App\Controllers\BackOffice\RegimeController->index()
 7 SYSTEMPATH/CodeIgniter.php(497): CodeIgniter\CodeIgniter->runController()
 8 SYSTEMPATH/CodeIgniter.php(340): CodeIgniter\CodeIgniter->handleRequest()
 9 SYSTEMPATH/Boot.php(417): CodeIgniter\CodeIgniter->run()
10 SYSTEMPATH/Boot.php(68): CodeIgniter\Boot::runCodeIgniter()
11 FCPATH/index.php(61): CodeIgniter\Boot::bootWeb()
12 SYSTEMPATH/rewrite.php(44): require_once('/opt/lampp/htdocs/S4_htdocs/S4/SI-IHM/TRINOME/RegimeAlimentaire/public/index.php')
