ERROR - 2026-05-11 05:02:35 --> pg_query(): Query failed: ERROR:  relation &quot;demandes_recharge&quot; does not exist
LINE 2: FROM &quot;demandes_recharge&quot;
             ^
in SYSTEMPATH/Database/Postgre/Connection.php on line 200.
 1 SYSTEMPATH/Database/BaseConnection.php(910): CodeIgniter\Database\Postgre\Connection->execute()
 2 SYSTEMPATH/Database/BaseConnection.php(827): CodeIgniter\Database\BaseConnection->simpleQuery()
 3 SYSTEMPATH/Database/BaseBuilder.php(1649): CodeIgniter\Database\BaseConnection->query()
 4 APPPATH/Controllers/BackOffice/AdminRechargeController.php(21): CodeIgniter\Database\BaseBuilder->get()
 5 SYSTEMPATH/CodeIgniter.php(951): App\Controllers\BackOffice\AdminRechargeController->index()
 6 SYSTEMPATH/CodeIgniter.php(497): CodeIgniter\CodeIgniter->runController()
 7 SYSTEMPATH/CodeIgniter.php(340): CodeIgniter\CodeIgniter->handleRequest()
 8 SYSTEMPATH/Boot.php(417): CodeIgniter\CodeIgniter->run()
 9 SYSTEMPATH/Boot.php(68): CodeIgniter\Boot::runCodeIgniter()
10 FCPATH/index.php(61): CodeIgniter\Boot::bootWeb()
11 SYSTEMPATH/rewrite.php(44): require_once('/opt/lampp/htdocs/S4_htdocs/S4/SI-IHM/TRINOME/RegimeAlimentaire/public/index.php')
CRITICAL - 2026-05-11 05:02:35 --> CodeIgniter\Database\Exceptions\DatabaseException: pg_query(): Query failed: ERROR:  relation &quot;demandes_recharge&quot; does not exist
LINE 2: FROM &quot;demandes_recharge&quot;
             ^
[Method: GET, Route: backoffice/recharges]
in SYSTEMPATH/Database/BaseConnection.php on line 865.
 1 SYSTEMPATH/Database/BaseBuilder.php(1649): CodeIgniter\Database\BaseConnection->query()
 2 APPPATH/Controllers/BackOffice/AdminRechargeController.php(21): CodeIgniter\Database\BaseBuilder->get()
 3 SYSTEMPATH/CodeIgniter.php(951): App\Controllers\BackOffice\AdminRechargeController->index()
 4 SYSTEMPATH/CodeIgniter.php(497): CodeIgniter\CodeIgniter->runController()
 5 SYSTEMPATH/CodeIgniter.php(340): CodeIgniter\CodeIgniter->handleRequest()
 6 SYSTEMPATH/Boot.php(417): CodeIgniter\CodeIgniter->run()
 7 SYSTEMPATH/Boot.php(68): CodeIgniter\Boot::runCodeIgniter()
 8 FCPATH/index.php(61): CodeIgniter\Boot::bootWeb()
 9 SYSTEMPATH/rewrite.php(44): require_once('/opt/lampp/htdocs/S4_htdocs/S4/SI-IHM/TRINOME/RegimeAlimentaire/public/index.php')
CRITICAL - 2026-05-11 05:02:35 --> [Caused by] CodeIgniter\Database\Exceptions\DatabaseException: pg_query(): Query failed: ERROR:  relation &quot;demandes_recharge&quot; does not exist
LINE 2: FROM &quot;demandes_recharge&quot;
             ^
in SYSTEMPATH/Database/Postgre/Connection.php on line 212.
 1 SYSTEMPATH/Database/BaseConnection.php(910): CodeIgniter\Database\Postgre\Connection->execute()
 2 SYSTEMPATH/Database/BaseConnection.php(827): CodeIgniter\Database\BaseConnection->simpleQuery()
 3 SYSTEMPATH/Database/BaseBuilder.php(1649): CodeIgniter\Database\BaseConnection->query()
 4 APPPATH/Controllers/BackOffice/AdminRechargeController.php(21): CodeIgniter\Database\BaseBuilder->get()
 5 SYSTEMPATH/CodeIgniter.php(951): App\Controllers\BackOffice\AdminRechargeController->index()
 6 SYSTEMPATH/CodeIgniter.php(497): CodeIgniter\CodeIgniter->runController()
 7 SYSTEMPATH/CodeIgniter.php(340): CodeIgniter\CodeIgniter->handleRequest()
 8 SYSTEMPATH/Boot.php(417): CodeIgniter\CodeIgniter->run()
 9 SYSTEMPATH/Boot.php(68): CodeIgniter\Boot::runCodeIgniter()
10 FCPATH/index.php(61): CodeIgniter\Boot::bootWeb()
11 SYSTEMPATH/rewrite.php(44): require_once('/opt/lampp/htdocs/S4_htdocs/S4/SI-IHM/TRINOME/RegimeAlimentaire/public/index.php')
CRITICAL - 2026-05-11 05:02:35 --> [Caused by] ErrorException: pg_query(): Query failed: ERROR:  relation &quot;demandes_recharge&quot; does not exist
LINE 2: FROM &quot;demandes_recharge&quot;
             ^
in SYSTEMPATH/Database/Postgre/Connection.php on line 200.
 1 [internal function]: CodeIgniter\Debug\Exceptions->errorHandler()
 2 SYSTEMPATH/Database/Postgre/Connection.php(200): pg_query()
 3 SYSTEMPATH/Database/BaseConnection.php(910): CodeIgniter\Database\Postgre\Connection->execute()
 4 SYSTEMPATH/Database/BaseConnection.php(827): CodeIgniter\Database\BaseConnection->simpleQuery()
 5 SYSTEMPATH/Database/BaseBuilder.php(1649): CodeIgniter\Database\BaseConnection->query()
 6 APPPATH/Controllers/BackOffice/AdminRechargeController.php(21): CodeIgniter\Database\BaseBuilder->get()
 7 SYSTEMPATH/CodeIgniter.php(951): App\Controllers\BackOffice\AdminRechargeController->index()
 8 SYSTEMPATH/CodeIgniter.php(497): CodeIgniter\CodeIgniter->runController()
 9 SYSTEMPATH/CodeIgniter.php(340): CodeIgniter\CodeIgniter->handleRequest()
10 SYSTEMPATH/Boot.php(417): CodeIgniter\CodeIgniter->run()
11 SYSTEMPATH/Boot.php(68): CodeIgniter\Boot::runCodeIgniter()
12 FCPATH/index.php(61): CodeIgniter\Boot::bootWeb()
13 SYSTEMPATH/rewrite.php(44): require_once('/opt/lampp/htdocs/S4_htdocs/S4/SI-IHM/TRINOME/RegimeAlimentaire/public/index.php')
ERROR - 2026-05-11 05:02:40 --> pg_query(): Query failed: ERROR:  relation &quot;demandes_recharge&quot; does not exist
LINE 2: FROM &quot;demandes_recharge&quot;
             ^
in SYSTEMPATH/Database/Postgre/Connection.php on line 200.
 1 SYSTEMPATH/Database/BaseConnection.php(910): CodeIgniter\Database\Postgre\Connection->execute()
 2 SYSTEMPATH/Database/BaseConnection.php(827): CodeIgniter\Database\BaseConnection->simpleQuery()
 3 SYSTEMPATH/Database/BaseBuilder.php(1649): CodeIgniter\Database\BaseConnection->query()
 4 APPPATH/Controllers/BackOffice/AdminRechargeController.php(21): CodeIgniter\Database\BaseBuilder->get()
 5 SYSTEMPATH/CodeIgniter.php(951): App\Controllers\BackOffice\AdminRechargeController->index()
 6 SYSTEMPATH/CodeIgniter.php(497): CodeIgniter\CodeIgniter->runController()
 7 SYSTEMPATH/CodeIgniter.php(340): CodeIgniter\CodeIgniter->handleRequest()
 8 SYSTEMPATH/Boot.php(417): CodeIgniter\CodeIgniter->run()
 9 SYSTEMPATH/Boot.php(68): CodeIgniter\Boot::runCodeIgniter()
10 FCPATH/index.php(61): CodeIgniter\Boot::bootWeb()
11 SYSTEMPATH/rewrite.php(44): require_once('/opt/lampp/htdocs/S4_htdocs/S4/SI-IHM/TRINOME/RegimeAlimentaire/public/index.php')
CRITICAL - 2026-05-11 05:02:40 --> CodeIgniter\Database\Exceptions\DatabaseException: pg_query(): Query failed: ERROR:  relation &quot;demandes_recharge&quot; does not exist
LINE 2: FROM &quot;demandes_recharge&quot;
             ^
[Method: GET, Route: backoffice/recharges]
in SYSTEMPATH/Database/BaseConnection.php on line 865.
 1 SYSTEMPATH/Database/BaseBuilder.php(1649): CodeIgniter\Database\BaseConnection->query()
 2 APPPATH/Controllers/BackOffice/AdminRechargeController.php(21): CodeIgniter\Database\BaseBuilder->get()
 3 SYSTEMPATH/CodeIgniter.php(951): App\Controllers\BackOffice\AdminRechargeController->index()
 4 SYSTEMPATH/CodeIgniter.php(497): CodeIgniter\CodeIgniter->runController()
 5 SYSTEMPATH/CodeIgniter.php(340): CodeIgniter\CodeIgniter->handleRequest()
 6 SYSTEMPATH/Boot.php(417): CodeIgniter\CodeIgniter->run()
 7 SYSTEMPATH/Boot.php(68): CodeIgniter\Boot::runCodeIgniter()
 8 FCPATH/index.php(61): CodeIgniter\Boot::bootWeb()
 9 SYSTEMPATH/rewrite.php(44): require_once('/opt/lampp/htdocs/S4_htdocs/S4/SI-IHM/TRINOME/RegimeAlimentaire/public/index.php')
CRITICAL - 2026-05-11 05:02:40 --> [Caused by] CodeIgniter\Database\Exceptions\DatabaseException: pg_query(): Query failed: ERROR:  relation &quot;demandes_recharge&quot; does not exist
LINE 2: FROM &quot;demandes_recharge&quot;
             ^
in SYSTEMPATH/Database/Postgre/Connection.php on line 212.
 1 SYSTEMPATH/Database/BaseConnection.php(910): CodeIgniter\Database\Postgre\Connection->execute()
 2 SYSTEMPATH/Database/BaseConnection.php(827): CodeIgniter\Database\BaseConnection->simpleQuery()
 3 SYSTEMPATH/Database/BaseBuilder.php(1649): CodeIgniter\Database\BaseConnection->query()
 4 APPPATH/Controllers/BackOffice/AdminRechargeController.php(21): CodeIgniter\Database\BaseBuilder->get()
 5 SYSTEMPATH/CodeIgniter.php(951): App\Controllers\BackOffice\AdminRechargeController->index()
 6 SYSTEMPATH/CodeIgniter.php(497): CodeIgniter\CodeIgniter->runController()
 7 SYSTEMPATH/CodeIgniter.php(340): CodeIgniter\CodeIgniter->handleRequest()
 8 SYSTEMPATH/Boot.php(417): CodeIgniter\CodeIgniter->run()
 9 SYSTEMPATH/Boot.php(68): CodeIgniter\Boot::runCodeIgniter()
10 FCPATH/index.php(61): CodeIgniter\Boot::bootWeb()
11 SYSTEMPATH/rewrite.php(44): require_once('/opt/lampp/htdocs/S4_htdocs/S4/SI-IHM/TRINOME/RegimeAlimentaire/public/index.php')
CRITICAL - 2026-05-11 05:02:40 --> [Caused by] ErrorException: pg_query(): Query failed: ERROR:  relation &quot;demandes_recharge&quot; does not exist
LINE 2: FROM &quot;demandes_recharge&quot;
             ^
in SYSTEMPATH/Database/Postgre/Connection.php on line 200.
 1 [internal function]: CodeIgniter\Debug\Exceptions->errorHandler()
 2 SYSTEMPATH/Database/Postgre/Connection.php(200): pg_query()
 3 SYSTEMPATH/Database/BaseConnection.php(910): CodeIgniter\Database\Postgre\Connection->execute()
 4 SYSTEMPATH/Database/BaseConnection.php(827): CodeIgniter\Database\BaseConnection->simpleQuery()
 5 SYSTEMPATH/Database/BaseBuilder.php(1649): CodeIgniter\Database\BaseConnection->query()
 6 APPPATH/Controllers/BackOffice/AdminRechargeController.php(21): CodeIgniter\Database\BaseBuilder->get()
 7 SYSTEMPATH/CodeIgniter.php(951): App\Controllers\BackOffice\AdminRechargeController->index()
 8 SYSTEMPATH/CodeIgniter.php(497): CodeIgniter\CodeIgniter->runController()
 9 SYSTEMPATH/CodeIgniter.php(340): CodeIgniter\CodeIgniter->handleRequest()
10 SYSTEMPATH/Boot.php(417): CodeIgniter\CodeIgniter->run()
11 SYSTEMPATH/Boot.php(68): CodeIgniter\Boot::runCodeIgniter()
12 FCPATH/index.php(61): CodeIgniter\Boot::bootWeb()
13 SYSTEMPATH/rewrite.php(44): require_once('/opt/lampp/htdocs/S4_htdocs/S4/SI-IHM/TRINOME/RegimeAlimentaire/public/index.php')
